(ARCTools Version 2.1.2)
 HexLoc     DecLoc    MachWord   Label        Instruction                Comment
                                              .org 2048                  
                                                                         
                                                                         !Inicio las variables.
                                                                         
00000800  0000002048  82000000                add %r0, %r0, %r1          !%r1 <- 0
00000804  0000002052  84000000                add %r0, %r0, %r2          !%r2 <- 0
                                                                         
00000808  0000002056  82006004                add %r1, 4, %r1            !%r1 <- 4
0000080c  0000002060  8400a004                add %r2, 4, %r2            !%r1 <- 4
                                                                         
                                                                         !Condicional If
                                                                         
00000810  0000002064  82984002                xorcc %r1, %r2, %r1        !si %r1 <> %r2 => z == 0
00000814  0000002068  02800002                be 2                       
00000818  0000002072  12800005                bne 5                      
                                                                         
0000081c  0000002076            true:                                    
00000820  0000002080  86000000                add %r0, %r0, %r3          
00000824  0000002084  86002001                add %r0, 1, %r3            
00000828  0000002088  10800005                ba 5                       
                                                                         
0000082c  0000002092            false:                                   
00000830  0000002096  86000000                add %r0, %r0, %r3          
00000834  0000002100  86002002                add %r0, 2, %r3            
00000838  0000002104  10800001                ba 1                       
                                                                         
0000083c  0000002108            endif:                                   
                                                                         

--- Symbol Table ---
endif: 2108
false: 2092
true: 2076
